<?xml version="1.0" encoding="ISO-8859-1" ?>
<link_info>
   <banner>TMS320C2000 Linker PC v22.6.1.LTS</banner>
   <copyright>Copyright (c) 1996-2018 Texas Instruments Incorporated</copyright>
   <link_time>0x6866e320</link_time>
   <link_errors>0x0</link_errors>
   <output_file>DSP_SUNRISE_SS_F28336.out</output_file>
   <entry_point>
      <name>_c_int00</name>
      <address>0x338ea6</address>
   </entry_point>
   <input_file_list>
      <input_file id="fl-2">
         <path>.\src\</path>
         <kind>object</kind>
         <file>ADC_configuration.obj</file>
         <name>ADC_configuration.obj</name>
      </input_file>
      <input_file id="fl-3">
         <path>.\src\</path>
         <kind>object</kind>
         <file>DMA_configuration.obj</file>
         <name>DMA_configuration.obj</name>
      </input_file>
      <input_file id="fl-4">
         <path>.\src\</path>
         <kind>object</kind>
         <file>DSP2833x_ADC_cal.obj</file>
         <name>DSP2833x_ADC_cal.obj</name>
      </input_file>
      <input_file id="fl-5">
         <path>.\src\</path>
         <kind>object</kind>
         <file>DSP2833x_Adc.obj</file>
         <name>DSP2833x_Adc.obj</name>
      </input_file>
      <input_file id="fl-6">
         <path>.\src\</path>
         <kind>object</kind>
         <file>DSP2833x_CodeStartBranch.obj</file>
         <name>DSP2833x_CodeStartBranch.obj</name>
      </input_file>
      <input_file id="fl-7">
         <path>.\src\</path>
         <kind>object</kind>
         <file>DSP2833x_CpuTimers.obj</file>
         <name>DSP2833x_CpuTimers.obj</name>
      </input_file>
      <input_file id="fl-8">
         <path>.\src\</path>
         <kind>object</kind>
         <file>DSP2833x_DMA.obj</file>
         <name>DSP2833x_DMA.obj</name>
      </input_file>
      <input_file id="fl-9">
         <path>.\src\</path>
         <kind>object</kind>
         <file>DSP2833x_DefaultIsr.obj</file>
         <name>DSP2833x_DefaultIsr.obj</name>
      </input_file>
      <input_file id="fl-a">
         <path>.\src\</path>
         <kind>object</kind>
         <file>DSP2833x_ECan.obj</file>
         <name>DSP2833x_ECan.obj</name>
      </input_file>
      <input_file id="fl-b">
         <path>.\src\</path>
         <kind>object</kind>
         <file>DSP2833x_GlobalVariableDefs.obj</file>
         <name>DSP2833x_GlobalVariableDefs.obj</name>
      </input_file>
      <input_file id="fl-c">
         <path>.\src\</path>
         <kind>object</kind>
         <file>DSP2833x_Gpio.obj</file>
         <name>DSP2833x_Gpio.obj</name>
      </input_file>
      <input_file id="fl-d">
         <path>.\src\</path>
         <kind>object</kind>
         <file>DSP2833x_PieCtrl.obj</file>
         <name>DSP2833x_PieCtrl.obj</name>
      </input_file>
      <input_file id="fl-e">
         <path>.\src\</path>
         <kind>object</kind>
         <file>DSP2833x_PieVect.obj</file>
         <name>DSP2833x_PieVect.obj</name>
      </input_file>
      <input_file id="fl-f">
         <path>.\src\</path>
         <kind>object</kind>
         <file>DSP2833x_SysCtrl.obj</file>
         <name>DSP2833x_SysCtrl.obj</name>
      </input_file>
      <input_file id="fl-10">
         <path>.\src\</path>
         <kind>object</kind>
         <file>DSP2833x_usDelay.obj</file>
         <name>DSP2833x_usDelay.obj</name>
      </input_file>
      <input_file id="fl-11">
         <path>.\src\</path>
         <kind>object</kind>
         <file>GPIO_configuration.obj</file>
         <name>GPIO_configuration.obj</name>
      </input_file>
      <input_file id="fl-12">
         <path>.\src\</path>
         <kind>object</kind>
         <file>PLL_Park_transformations.obj</file>
         <name>PLL_Park_transformations.obj</name>
      </input_file>
      <input_file id="fl-13">
         <path>.\src\</path>
         <kind>object</kind>
         <file>State_machine.obj</file>
         <name>State_machine.obj</name>
      </input_file>
      <input_file id="fl-14">
         <path>.\src\</path>
         <kind>object</kind>
         <file>calculations.obj</file>
         <name>calculations.obj</name>
      </input_file>
      <input_file id="fl-15">
         <path>.\src\</path>
         <kind>object</kind>
         <file>dq_current_ctrl.obj</file>
         <name>dq_current_ctrl.obj</name>
      </input_file>
      <input_file id="fl-16">
         <path>.\src\</path>
         <kind>object</kind>
         <file>dq_power_ctrl.obj</file>
         <name>dq_power_ctrl.obj</name>
      </input_file>
      <input_file id="fl-17">
         <path>.\src\</path>
         <kind>object</kind>
         <file>dq_statcom_ctrl.obj</file>
         <name>dq_statcom_ctrl.obj</name>
      </input_file>
      <input_file id="fl-18">
         <path>.\src\</path>
         <kind>object</kind>
         <file>dq_vsg_ctrl.obj</file>
         <name>dq_vsg_ctrl.obj</name>
      </input_file>
      <input_file id="fl-19">
         <path>.\src\</path>
         <kind>object</kind>
         <file>eCAN_Configuration.obj</file>
         <name>eCAN_Configuration.obj</name>
      </input_file>
      <input_file id="fl-1a">
         <path>.\src\</path>
         <kind>object</kind>
         <file>ePWM_configuration.obj</file>
         <name>ePWM_configuration.obj</name>
      </input_file>
      <input_file id="fl-1b">
         <path>.\src\</path>
         <kind>object</kind>
         <file>main.obj</file>
         <name>main.obj</name>
      </input_file>
      <input_file id="fl-20">
         <kind>object</kind>
         <file>&lt;internal&gt;</file>
         <name>&lt;internal&gt;</name>
      </input_file>
      <input_file id="fl-2c">
         <path>C:\ti\ccs1260\ccs\tools\compiler\ti-cgt-c2000_22.6.1.LTS\lib\</path>
         <kind>archive</kind>
         <file>rts2800_fpu32.lib</file>
         <name>s_cosf.c.obj</name>
      </input_file>
      <input_file id="fl-2d">
         <path>C:\ti\ccs1260\ccs\tools\compiler\ti-cgt-c2000_22.6.1.LTS\lib\</path>
         <kind>archive</kind>
         <file>rts2800_fpu32.lib</file>
         <name>s_sinf.c.obj</name>
      </input_file>
      <input_file id="fl-2e">
         <path>C:\ti\ccs1260\ccs\tools\compiler\ti-cgt-c2000_22.6.1.LTS\lib\</path>
         <kind>archive</kind>
         <file>rts2800_fpu32.lib</file>
         <name>boot28.asm.obj</name>
      </input_file>
      <input_file id="fl-2f">
         <path>C:\ti\ccs1260\ccs\tools\compiler\ti-cgt-c2000_22.6.1.LTS\lib\</path>
         <kind>archive</kind>
         <file>rts2800_fpu32.lib</file>
         <name>fs_div28.asm.obj</name>
      </input_file>
      <input_file id="fl-30">
         <path>C:\ti\ccs1260\ccs\tools\compiler\ti-cgt-c2000_22.6.1.LTS\lib\</path>
         <kind>archive</kind>
         <file>rts2800_fpu32.lib</file>
         <name>ll_aox28.asm.obj</name>
      </input_file>
      <input_file id="fl-31">
         <path>C:\ti\ccs1260\ccs\tools\compiler\ti-cgt-c2000_22.6.1.LTS\lib\</path>
         <kind>archive</kind>
         <file>rts2800_fpu32.lib</file>
         <name>cpy_tbl.c.obj</name>
      </input_file>
      <input_file id="fl-32">
         <path>C:\ti\ccs1260\ccs\tools\compiler\ti-cgt-c2000_22.6.1.LTS\lib\</path>
         <kind>archive</kind>
         <file>rts2800_fpu32.lib</file>
         <name>memcpy.c.obj</name>
      </input_file>
      <input_file id="fl-33">
         <path>C:\ti\ccs1260\ccs\tools\compiler\ti-cgt-c2000_22.6.1.LTS\lib\</path>
         <kind>archive</kind>
         <file>rts2800_fpu32.lib</file>
         <name>pre_init.c.obj</name>
      </input_file>
      <input_file id="fl-34">
         <path>C:\ti\ccs1260\ccs\tools\compiler\ti-cgt-c2000_22.6.1.LTS\lib\</path>
         <kind>archive</kind>
         <file>rts2800_fpu32.lib</file>
         <name>startup.c.obj</name>
      </input_file>
      <input_file id="fl-35">
         <path>C:\ti\ccs1260\ccs\tools\compiler\ti-cgt-c2000_22.6.1.LTS\lib\</path>
         <kind>archive</kind>
         <file>rts2800_fpu32.lib</file>
         <name>exit.c.obj</name>
      </input_file>
      <input_file id="fl-36">
         <path>C:\ti\ccs1260\ccs\tools\compiler\ti-cgt-c2000_22.6.1.LTS\lib\</path>
         <kind>archive</kind>
         <file>rts2800_fpu32.lib</file>
         <name>_lock.c.obj</name>
      </input_file>
      <input_file id="fl-37">
         <path>C:\ti\ccs1260\ccs\tools\compiler\ti-cgt-c2000_22.6.1.LTS\lib\</path>
         <kind>archive</kind>
         <file>rts2800_fpu32.lib</file>
         <name>args_main.c.obj</name>
      </input_file>
   </input_file_list>
   <object_component_list>
      <object_component id="oc-fb">
         <name>.cinit</name>
         <load_address>0x339262</load_address>
         <run_address>0x339262</run_address>
         <size>0x50</size>
         <input_file_ref idref="fl-18"/>
      </object_component>
      <object_component id="oc-102">
         <name>.cinit</name>
         <load_address>0x3392b2</load_address>
         <run_address>0x3392b2</run_address>
         <size>0x47</size>
         <input_file_ref idref="fl-19"/>
      </object_component>
      <object_component id="oc-10e">
         <name>.cinit</name>
         <load_address>0x3392f9</load_address>
         <run_address>0x3392f9</run_address>
         <size>0x44</size>
         <input_file_ref idref="fl-1b"/>
      </object_component>
      <object_component id="oc-f4">
         <name>.cinit</name>
         <load_address>0x33933d</load_address>
         <run_address>0x33933d</run_address>
         <size>0x19</size>
         <input_file_ref idref="fl-17"/>
      </object_component>
      <object_component id="oc-d1">
         <name>.cinit</name>
         <load_address>0x339356</load_address>
         <run_address>0x339356</run_address>
         <size>0x14</size>
         <input_file_ref idref="fl-12"/>
      </object_component>
      <object_component id="oc-e6">
         <name>.cinit</name>
         <load_address>0x33936a</load_address>
         <run_address>0x33936a</run_address>
         <size>0x14</size>
         <input_file_ref idref="fl-15"/>
      </object_component>
      <object_component id="oc-167">
         <name>.cinit:_Sum$3</name>
         <load_address>0x33937e</load_address>
         <run_address>0x33937e</run_address>
         <size>0xf</size>
         <input_file_ref idref="fl-14"/>
      </object_component>
      <object_component id="oc-169">
         <name>.cinit:_rms2$2</name>
         <load_address>0x33938d</load_address>
         <run_address>0x33938d</run_address>
         <size>0xf</size>
         <input_file_ref idref="fl-14"/>
      </object_component>
      <object_component id="oc-145">
         <name>.cinit</name>
         <load_address>0x33939c</load_address>
         <run_address>0x33939c</run_address>
         <size>0xe</size>
         <input_file_ref idref="fl-35"/>
      </object_component>
      <object_component id="oc-d8">
         <name>.cinit</name>
         <load_address>0x3393aa</load_address>
         <run_address>0x3393aa</run_address>
         <size>0xa</size>
         <input_file_ref idref="fl-13"/>
      </object_component>
      <object_component id="oc-ed">
         <name>.cinit</name>
         <load_address>0x3393b4</load_address>
         <run_address>0x3393b4</run_address>
         <size>0xa</size>
         <input_file_ref idref="fl-16"/>
      </object_component>
      <object_component id="oc-163">
         <name>.cinit:__lock</name>
         <load_address>0x3393be</load_address>
         <run_address>0x3393be</run_address>
         <size>0x5</size>
         <input_file_ref idref="fl-36"/>
      </object_component>
      <object_component id="oc-17d">
         <name>.cinit:__unlock</name>
         <load_address>0x3393c3</load_address>
         <run_address>0x3393c3</run_address>
         <size>0x5</size>
         <input_file_ref idref="fl-36"/>
      </object_component>
      <object_component id="oc-df">
         <name>.cinit</name>
         <load_address>0x3393c8</load_address>
         <run_address>0x3393c8</run_address>
         <size>0x4</size>
         <input_file_ref idref="fl-14"/>
      </object_component>
      <object_component id="oc-175">
         <name>.text</name>
         <load_address>0x338000</load_address>
         <run_address>0x338000</run_address>
         <size>0x3e9</size>
         <input_file_ref idref="fl-8"/>
      </object_component>
      <object_component id="oc-74">
         <name>.text:retain</name>
         <load_address>0x3383e9</load_address>
         <run_address>0x3383e9</run_address>
         <size>0x316</size>
         <input_file_ref idref="fl-9"/>
      </object_component>
      <object_component id="oc-17b">
         <name>.text</name>
         <load_address>0x3386ff</load_address>
         <run_address>0x3386ff</run_address>
         <size>0x292</size>
         <input_file_ref idref="fl-19"/>
      </object_component>
      <object_component id="oc-179">
         <name>.text</name>
         <load_address>0x338991</load_address>
         <run_address>0x338991</run_address>
         <size>0x12f</size>
         <input_file_ref idref="fl-1a"/>
      </object_component>
      <object_component id="oc-17a">
         <name>.text</name>
         <load_address>0x338ac0</load_address>
         <run_address>0x338ac0</run_address>
         <size>0x11f</size>
         <input_file_ref idref="fl-a"/>
      </object_component>
      <object_component id="oc-16f">
         <name>.text</name>
         <load_address>0x338bdf</load_address>
         <run_address>0x338bdf</run_address>
         <size>0xf7</size>
         <input_file_ref idref="fl-f"/>
      </object_component>
      <object_component id="oc-126">
         <name>.text</name>
         <load_address>0x338cd6</load_address>
         <run_address>0x338cd6</run_address>
         <size>0x88</size>
         <input_file_ref idref="fl-2f"/>
      </object_component>
      <object_component id="oc-161">
         <name>.text</name>
         <load_address>0x338d5e</load_address>
         <run_address>0x338d5e</run_address>
         <size>0x7f</size>
         <input_file_ref idref="fl-1b"/>
      </object_component>
      <object_component id="oc-16b">
         <name>.text</name>
         <load_address>0x338ddd</load_address>
         <run_address>0x338ddd</run_address>
         <size>0x66</size>
         <input_file_ref idref="fl-2d"/>
      </object_component>
      <object_component id="oc-16c">
         <name>.text</name>
         <load_address>0x338e43</load_address>
         <run_address>0x338e43</run_address>
         <size>0x63</size>
         <input_file_ref idref="fl-2c"/>
      </object_component>
      <object_component id="oc-4d">
         <name>.text</name>
         <load_address>0x338ea6</load_address>
         <run_address>0x338ea6</run_address>
         <size>0x56</size>
         <input_file_ref idref="fl-2e"/>
      </object_component>
      <object_component id="oc-176">
         <name>.text</name>
         <load_address>0x338efc</load_address>
         <run_address>0x338efc</run_address>
         <size>0x4e</size>
         <input_file_ref idref="fl-3"/>
      </object_component>
      <object_component id="oc-172">
         <name>.text</name>
         <load_address>0x338f4a</load_address>
         <run_address>0x338f4a</run_address>
         <size>0x4e</size>
         <input_file_ref idref="fl-11"/>
      </object_component>
      <object_component id="oc-178">
         <name>.text</name>
         <load_address>0x338f98</load_address>
         <run_address>0x338f98</run_address>
         <size>0x41</size>
         <input_file_ref idref="fl-2"/>
      </object_component>
      <object_component id="oc-159">
         <name>.text</name>
         <load_address>0x338fd9</load_address>
         <run_address>0x338fd9</run_address>
         <size>0x29</size>
         <input_file_ref idref="fl-35"/>
      </object_component>
      <object_component id="oc-173">
         <name>.text</name>
         <load_address>0x339002</load_address>
         <run_address>0x339002</run_address>
         <size>0x28</size>
         <input_file_ref idref="fl-d"/>
      </object_component>
      <object_component id="oc-156">
         <name>.text</name>
         <load_address>0x33902a</load_address>
         <run_address>0x33902a</run_address>
         <size>0x24</size>
         <input_file_ref idref="fl-31"/>
      </object_component>
      <object_component id="oc-174">
         <name>.text</name>
         <load_address>0x33904e</load_address>
         <run_address>0x33904e</run_address>
         <size>0x20</size>
         <input_file_ref idref="fl-e"/>
      </object_component>
      <object_component id="oc-160">
         <name>.text</name>
         <load_address>0x33906e</load_address>
         <run_address>0x33906e</run_address>
         <size>0x1d</size>
         <input_file_ref idref="fl-32"/>
      </object_component>
      <object_component id="oc-12b">
         <name>.text</name>
         <load_address>0x33908b</load_address>
         <run_address>0x33908b</run_address>
         <size>0x18</size>
         <input_file_ref idref="fl-30"/>
      </object_component>
      <object_component id="oc-171">
         <name>.text</name>
         <load_address>0x3390a3</load_address>
         <run_address>0x3390a3</run_address>
         <size>0x17</size>
         <input_file_ref idref="fl-c"/>
      </object_component>
      <object_component id="oc-177">
         <name>.text</name>
         <load_address>0x3390ba</load_address>
         <run_address>0x3390ba</run_address>
         <size>0x14</size>
         <input_file_ref idref="fl-5"/>
      </object_component>
      <object_component id="oc-158">
         <name>.text</name>
         <load_address>0x3390ce</load_address>
         <run_address>0x3390ce</run_address>
         <size>0x12</size>
         <input_file_ref idref="fl-37"/>
      </object_component>
      <object_component id="oc-17c">
         <name>.text</name>
         <load_address>0x3390e0</load_address>
         <run_address>0x3390e0</run_address>
         <size>0x9</size>
         <input_file_ref idref="fl-36"/>
      </object_component>
      <object_component id="oc-62">
         <name>.text</name>
         <load_address>0x3390e9</load_address>
         <run_address>0x3390e9</run_address>
         <size>0x8</size>
         <input_file_ref idref="fl-6"/>
      </object_component>
      <object_component id="oc-155">
         <name>.text</name>
         <load_address>0x3390f1</load_address>
         <run_address>0x3390f1</run_address>
         <size>0x2</size>
         <input_file_ref idref="fl-33"/>
      </object_component>
      <object_component id="oc-157">
         <name>.text</name>
         <load_address>0x3390f3</load_address>
         <run_address>0x3390f3</run_address>
         <size>0x1</size>
         <input_file_ref idref="fl-34"/>
      </object_component>
      <object_component id="oc-63">
         <name>codestart</name>
         <load_address>0x33fff6</load_address>
         <run_address>0x33fff6</run_address>
         <size>0x2</size>
         <input_file_ref idref="fl-6"/>
      </object_component>
      <object_component id="oc-15c">
         <name>ramfuncs</name>
         <load_address>0x320000</load_address>
         <run_address>0x8000</run_address>
         <size>0x1e0</size>
         <input_file_ref idref="fl-12"/>
      </object_component>
      <object_component id="oc-15d">
         <name>ramfuncs</name>
         <load_address>0x3201e0</load_address>
         <run_address>0x81e0</run_address>
         <size>0x15d</size>
         <input_file_ref idref="fl-13"/>
      </object_component>
      <object_component id="oc-15a">
         <name>ramfuncs</name>
         <load_address>0x32033d</load_address>
         <run_address>0x833d</run_address>
         <size>0x121</size>
         <input_file_ref idref="fl-2"/>
      </object_component>
      <object_component id="oc-15b">
         <name>ramfuncs</name>
         <load_address>0x32045e</load_address>
         <run_address>0x845e</run_address>
         <size>0x11c</size>
         <input_file_ref idref="fl-14"/>
      </object_component>
      <object_component id="oc-111">
         <name>ramfuncs:retain</name>
         <load_address>0x32057a</load_address>
         <run_address>0x857a</run_address>
         <size>0xfd</size>
         <input_file_ref idref="fl-1b"/>
      </object_component>
      <object_component id="oc-17f">
         <name>ramfuncs</name>
         <load_address>0x320677</load_address>
         <run_address>0x8677</run_address>
         <size>0xe2</size>
         <input_file_ref idref="fl-15"/>
      </object_component>
      <object_component id="oc-15f">
         <name>ramfuncs</name>
         <load_address>0x320759</load_address>
         <run_address>0x8759</run_address>
         <size>0xbc</size>
         <input_file_ref idref="fl-17"/>
      </object_component>
      <object_component id="oc-16e">
         <name>ramfuncs</name>
         <load_address>0x320815</load_address>
         <run_address>0x8815</run_address>
         <size>0xa9</size>
         <input_file_ref idref="fl-16"/>
      </object_component>
      <object_component id="oc-170">
         <name>ramfuncs</name>
         <load_address>0x3208be</load_address>
         <run_address>0x88be</run_address>
         <size>0x1b</size>
         <input_file_ref idref="fl-f"/>
      </object_component>
      <object_component id="oc-15e">
         <name>ramfuncs</name>
         <load_address>0x3208d9</load_address>
         <run_address>0x88d9</run_address>
         <size>0x14</size>
         <input_file_ref idref="fl-11"/>
      </object_component>
      <object_component id="oc-c6">
         <name>ramfuncs</name>
         <load_address>0x3208ed</load_address>
         <run_address>0x88ed</run_address>
         <size>0x4</size>
         <input_file_ref idref="fl-10"/>
      </object_component>
      <object_component id="oc-120">
         <name>.stack</name>
         <uninitialized>true</uninitialized>
         <run_address>0x88f2</run_address>
         <size>0x0</size>
         <input_file_ref idref="fl-2e"/>
      </object_component>
      <object_component id="oc-1da">
         <name>.stack</name>
         <uninitialized>true</uninitialized>
         <run_address>0x88f2</run_address>
         <size>0x0</size>
      </object_component>
      <object_component id="oc-69">
         <name>.ebss</name>
         <uninitialized>true</uninitialized>
         <run_address>0x8d40</run_address>
         <size>0x18</size>
         <input_file_ref idref="fl-7"/>
      </object_component>
      <object_component id="oc-d2">
         <name>.ebss</name>
         <uninitialized>true</uninitialized>
         <run_address>0x8d00</run_address>
         <size>0x20</size>
         <input_file_ref idref="fl-12"/>
      </object_component>
      <object_component id="oc-d9">
         <name>.ebss</name>
         <uninitialized>true</uninitialized>
         <run_address>0x8d6a</run_address>
         <size>0x4</size>
         <input_file_ref idref="fl-13"/>
      </object_component>
      <object_component id="oc-e0">
         <name>.ebss</name>
         <uninitialized>true</uninitialized>
         <run_address>0x8cea</run_address>
         <size>0x10</size>
         <input_file_ref idref="fl-14"/>
      </object_component>
      <object_component id="oc-168">
         <name>.ebss:_rms2$2</name>
         <uninitialized>true</uninitialized>
         <run_address>0x8cb4</run_address>
         <size>0xc</size>
         <input_file_ref idref="fl-14"/>
      </object_component>
      <object_component id="oc-166">
         <name>.ebss:_Sum$3</name>
         <uninitialized>true</uninitialized>
         <run_address>0x8bf2</run_address>
         <size>0xc</size>
         <input_file_ref idref="fl-14"/>
      </object_component>
      <object_component id="oc-e7">
         <name>.ebss</name>
         <uninitialized>true</uninitialized>
         <run_address>0x8d62</run_address>
         <size>0x8</size>
         <input_file_ref idref="fl-15"/>
      </object_component>
      <object_component id="oc-ee">
         <name>.ebss</name>
         <uninitialized>true</uninitialized>
         <run_address>0x8d6e</run_address>
         <size>0x4</size>
         <input_file_ref idref="fl-16"/>
      </object_component>
      <object_component id="oc-f5">
         <name>.ebss</name>
         <uninitialized>true</uninitialized>
         <run_address>0x8d58</run_address>
         <size>0xa</size>
         <input_file_ref idref="fl-17"/>
      </object_component>
      <object_component id="oc-fc">
         <name>.ebss</name>
         <uninitialized>true</uninitialized>
         <run_address>0x8d20</run_address>
         <size>0x20</size>
         <input_file_ref idref="fl-18"/>
      </object_component>
      <object_component id="oc-103">
         <name>.ebss</name>
         <uninitialized>true</uninitialized>
         <run_address>0x8cc0</run_address>
         <size>0x2a</size>
         <input_file_ref idref="fl-19"/>
      </object_component>
      <object_component id="oc-10f">
         <name>.ebss</name>
         <uninitialized>true</uninitialized>
         <run_address>0x8c00</run_address>
         <size>0xb4</size>
         <input_file_ref idref="fl-1b"/>
      </object_component>
      <object_component id="oc-146">
         <name>.ebss</name>
         <uninitialized>true</uninitialized>
         <run_address>0x8cfa</run_address>
         <size>0x6</size>
         <input_file_ref idref="fl-35"/>
      </object_component>
      <object_component id="oc-162">
         <name>.ebss:__lock</name>
         <uninitialized>true</uninitialized>
         <run_address>0x8bfe</run_address>
         <size>0x2</size>
         <input_file_ref idref="fl-36"/>
      </object_component>
      <object_component id="oc-181">
         <name>.ebss:__unlock</name>
         <uninitialized>true</uninitialized>
         <run_address>0x8d72</run_address>
         <size>0x2</size>
         <input_file_ref idref="fl-36"/>
      </object_component>
      <object_component id="oc-180">
         <name>.econst:_PieVectTableInit</name>
         <load_address>0x3390f4</load_address>
         <run_address>0x3390f4</run_address>
         <size>0x100</size>
         <input_file_ref idref="fl-e"/>
      </object_component>
      <object_component id="oc-17e">
         <name>.econst:_$P$T0$3</name>
         <load_address>0x3391f4</load_address>
         <run_address>0x3391f4</run_address>
         <size>0x14</size>
         <input_file_ref idref="fl-16"/>
      </object_component>
      <object_component id="oc-182">
         <name>.econst:_$P$T0$5</name>
         <load_address>0x339208</load_address>
         <run_address>0x339208</run_address>
         <size>0x14</size>
         <input_file_ref idref="fl-15"/>
      </object_component>
      <object_component id="oc-16d">
         <name>.econst:_$P$T0$6</name>
         <load_address>0x33921c</load_address>
         <run_address>0x33921c</run_address>
         <size>0x14</size>
         <input_file_ref idref="fl-17"/>
      </object_component>
      <object_component id="oc-183">
         <name>.econst:_$P$T1$6</name>
         <load_address>0x339230</load_address>
         <run_address>0x339230</run_address>
         <size>0x14</size>
         <input_file_ref idref="fl-15"/>
      </object_component>
      <object_component id="oc-164">
         <name>.econst:_$P$T0$5</name>
         <load_address>0x339244</load_address>
         <run_address>0x339244</run_address>
         <size>0xc</size>
         <input_file_ref idref="fl-14"/>
      </object_component>
      <object_component id="oc-165">
         <name>.econst:_$P$T1$6</name>
         <load_address>0x339250</load_address>
         <run_address>0x339250</run_address>
         <size>0xc</size>
         <input_file_ref idref="fl-14"/>
      </object_component>
      <object_component id="oc-16a">
         <name>.econst:_$P$T2$7</name>
         <load_address>0x33925c</load_address>
         <run_address>0x33925c</run_address>
         <size>0x6</size>
         <input_file_ref idref="fl-14"/>
      </object_component>
      <object_component id="oc-110">
         <name>DMARAML4</name>
         <uninitialized>true</uninitialized>
         <run_address>0xc000</run_address>
         <size>0x10</size>
         <input_file_ref idref="fl-1b"/>
      </object_component>
      <object_component id="oc-121">
         <name>.reset</name>
         <load_address>0x3fffc0</load_address>
         <run_address>0x3fffc0</run_address>
         <size>0x2</size>
         <input_file_ref idref="fl-2e"/>
      </object_component>
      <object_component id="oc-58">
         <name>.adc_cal</name>
         <load_address>0x380080</load_address>
         <run_address>0x380080</run_address>
         <size>0x7</size>
         <input_file_ref idref="fl-4"/>
      </object_component>
      <object_component id="oc-b0">
         <name>PieVectTableFile</name>
         <uninitialized>true</uninitialized>
         <run_address>0xd00</run_address>
         <size>0x100</size>
         <input_file_ref idref="fl-b"/>
      </object_component>
      <object_component id="oc-ac">
         <name>DevEmuRegsFile</name>
         <uninitialized>true</uninitialized>
         <run_address>0x880</run_address>
         <size>0xd0</size>
         <input_file_ref idref="fl-b"/>
      </object_component>
      <object_component id="oc-84">
         <name>FlashRegsFile</name>
         <uninitialized>true</uninitialized>
         <run_address>0xa80</run_address>
         <size>0x8</size>
         <input_file_ref idref="fl-b"/>
      </object_component>
      <object_component id="oc-87">
         <name>CsmRegsFile</name>
         <uninitialized>true</uninitialized>
         <run_address>0xae0</run_address>
         <size>0x10</size>
         <input_file_ref idref="fl-b"/>
      </object_component>
      <object_component id="oc-86">
         <name>AdcMirrorFile</name>
         <uninitialized>true</uninitialized>
         <run_address>0xb00</run_address>
         <size>0x10</size>
         <input_file_ref idref="fl-b"/>
      </object_component>
      <object_component id="oc-8f">
         <name>XintfRegsFile</name>
         <uninitialized>true</uninitialized>
         <run_address>0xb20</run_address>
         <size>0x1e</size>
         <input_file_ref idref="fl-b"/>
      </object_component>
      <object_component id="oc-80">
         <name>CpuTimer0RegsFile</name>
         <uninitialized>true</uninitialized>
         <run_address>0xc00</run_address>
         <size>0x8</size>
         <input_file_ref idref="fl-b"/>
      </object_component>
      <object_component id="oc-81">
         <name>CpuTimer1RegsFile</name>
         <uninitialized>true</uninitialized>
         <run_address>0xc08</run_address>
         <size>0x8</size>
         <input_file_ref idref="fl-b"/>
      </object_component>
      <object_component id="oc-82">
         <name>CpuTimer2RegsFile</name>
         <uninitialized>true</uninitialized>
         <run_address>0xc10</run_address>
         <size>0x8</size>
         <input_file_ref idref="fl-b"/>
      </object_component>
      <object_component id="oc-8d">
         <name>PieCtrlRegsFile</name>
         <uninitialized>true</uninitialized>
         <run_address>0xce0</run_address>
         <size>0x1a</size>
         <input_file_ref idref="fl-b"/>
      </object_component>
      <object_component id="oc-ad">
         <name>DmaRegsFile</name>
         <uninitialized>true</uninitialized>
         <run_address>0x1000</run_address>
         <size>0xe0</size>
         <input_file_ref idref="fl-b"/>
      </object_component>
      <object_component id="oc-9f">
         <name>McbspaRegsFile</name>
         <uninitialized>true</uninitialized>
         <run_address>0x5000</run_address>
         <size>0x25</size>
         <input_file_ref idref="fl-b"/>
      </object_component>
      <object_component id="oc-a0">
         <name>McbspbRegsFile</name>
         <uninitialized>true</uninitialized>
         <run_address>0x5040</run_address>
         <size>0x25</size>
         <input_file_ref idref="fl-b"/>
      </object_component>
      <object_component id="oc-a2">
         <name>ECanaRegsFile</name>
         <uninitialized>true</uninitialized>
         <run_address>0x6000</run_address>
         <size>0x34</size>
         <input_file_ref idref="fl-b"/>
      </object_component>
      <object_component id="oc-a4">
         <name>ECanaLAMRegsFile</name>
         <uninitialized>true</uninitialized>
         <run_address>0x6040</run_address>
         <size>0x40</size>
         <input_file_ref idref="fl-b"/>
      </object_component>
      <object_component id="oc-ae">
         <name>ECanaMboxesFile</name>
         <uninitialized>true</uninitialized>
         <run_address>0x6100</run_address>
         <size>0x100</size>
         <input_file_ref idref="fl-b"/>
      </object_component>
      <object_component id="oc-a5">
         <name>ECanaMOTSRegsFile</name>
         <uninitialized>true</uninitialized>
         <run_address>0x6080</run_address>
         <size>0x40</size>
         <input_file_ref idref="fl-b"/>
      </object_component>
      <object_component id="oc-a6">
         <name>ECanaMOTORegsFile</name>
         <uninitialized>true</uninitialized>
         <run_address>0x60c0</run_address>
         <size>0x40</size>
         <input_file_ref idref="fl-b"/>
      </object_component>
      <object_component id="oc-a3">
         <name>ECanbRegsFile</name>
         <uninitialized>true</uninitialized>
         <run_address>0x6200</run_address>
         <size>0x34</size>
         <input_file_ref idref="fl-b"/>
      </object_component>
      <object_component id="oc-a7">
         <name>ECanbLAMRegsFile</name>
         <uninitialized>true</uninitialized>
         <run_address>0x6240</run_address>
         <size>0x40</size>
         <input_file_ref idref="fl-b"/>
      </object_component>
      <object_component id="oc-af">
         <name>ECanbMboxesFile</name>
         <uninitialized>true</uninitialized>
         <run_address>0x6300</run_address>
         <size>0x100</size>
         <input_file_ref idref="fl-b"/>
      </object_component>
      <object_component id="oc-a8">
         <name>ECanbMOTSRegsFile</name>
         <uninitialized>true</uninitialized>
         <run_address>0x6280</run_address>
         <size>0x40</size>
         <input_file_ref idref="fl-b"/>
      </object_component>
      <object_component id="oc-a9">
         <name>ECanbMOTORegsFile</name>
         <uninitialized>true</uninitialized>
         <run_address>0x62c0</run_address>
         <size>0x40</size>
         <input_file_ref idref="fl-b"/>
      </object_component>
      <object_component id="oc-98">
         <name>EPwm1RegsFile</name>
         <uninitialized>true</uninitialized>
         <run_address>0x5800</run_address>
         <size>0x22</size>
         <input_file_ref idref="fl-b"/>
      </object_component>
      <object_component id="oc-99">
         <name>EPwm2RegsFile</name>
         <uninitialized>true</uninitialized>
         <run_address>0x5840</run_address>
         <size>0x22</size>
         <input_file_ref idref="fl-b"/>
      </object_component>
      <object_component id="oc-9a">
         <name>EPwm3RegsFile</name>
         <uninitialized>true</uninitialized>
         <run_address>0x5880</run_address>
         <size>0x22</size>
         <input_file_ref idref="fl-b"/>
      </object_component>
      <object_component id="oc-9b">
         <name>EPwm4RegsFile</name>
         <uninitialized>true</uninitialized>
         <run_address>0x58c0</run_address>
         <size>0x22</size>
         <input_file_ref idref="fl-b"/>
      </object_component>
      <object_component id="oc-9c">
         <name>EPwm5RegsFile</name>
         <uninitialized>true</uninitialized>
         <run_address>0x5900</run_address>
         <size>0x22</size>
         <input_file_ref idref="fl-b"/>
      </object_component>
      <object_component id="oc-9d">
         <name>EPwm6RegsFile</name>
         <uninitialized>true</uninitialized>
         <run_address>0x5940</run_address>
         <size>0x22</size>
         <input_file_ref idref="fl-b"/>
      </object_component>
      <object_component id="oc-90">
         <name>ECap1RegsFile</name>
         <uninitialized>true</uninitialized>
         <run_address>0x6a00</run_address>
         <size>0x20</size>
         <input_file_ref idref="fl-b"/>
      </object_component>
      <object_component id="oc-91">
         <name>ECap2RegsFile</name>
         <uninitialized>true</uninitialized>
         <run_address>0x6a20</run_address>
         <size>0x20</size>
         <input_file_ref idref="fl-b"/>
      </object_component>
      <object_component id="oc-92">
         <name>ECap3RegsFile</name>
         <uninitialized>true</uninitialized>
         <run_address>0x6a40</run_address>
         <size>0x20</size>
         <input_file_ref idref="fl-b"/>
      </object_component>
      <object_component id="oc-93">
         <name>ECap4RegsFile</name>
         <uninitialized>true</uninitialized>
         <run_address>0x6a60</run_address>
         <size>0x20</size>
         <input_file_ref idref="fl-b"/>
      </object_component>
      <object_component id="oc-94">
         <name>ECap5RegsFile</name>
         <uninitialized>true</uninitialized>
         <run_address>0x6a80</run_address>
         <size>0x20</size>
         <input_file_ref idref="fl-b"/>
      </object_component>
      <object_component id="oc-95">
         <name>ECap6RegsFile</name>
         <uninitialized>true</uninitialized>
         <run_address>0x6aa0</run_address>
         <size>0x20</size>
         <input_file_ref idref="fl-b"/>
      </object_component>
      <object_component id="oc-aa">
         <name>EQep1RegsFile</name>
         <uninitialized>true</uninitialized>
         <run_address>0x6b00</run_address>
         <size>0x40</size>
         <input_file_ref idref="fl-b"/>
      </object_component>
      <object_component id="oc-ab">
         <name>EQep2RegsFile</name>
         <uninitialized>true</uninitialized>
         <run_address>0x6b40</run_address>
         <size>0x40</size>
         <input_file_ref idref="fl-b"/>
      </object_component>
      <object_component id="oc-a1">
         <name>GpioCtrlRegsFile</name>
         <uninitialized>true</uninitialized>
         <run_address>0x6f80</run_address>
         <size>0x2e</size>
         <input_file_ref idref="fl-b"/>
      </object_component>
      <object_component id="oc-96">
         <name>GpioDataRegsFile</name>
         <uninitialized>true</uninitialized>
         <run_address>0x6fc0</run_address>
         <size>0x20</size>
         <input_file_ref idref="fl-b"/>
      </object_component>
      <object_component id="oc-85">
         <name>GpioIntRegsFile</name>
         <uninitialized>true</uninitialized>
         <run_address>0x6fe0</run_address>
         <size>0xa</size>
         <input_file_ref idref="fl-b"/>
      </object_component>
      <object_component id="oc-97">
         <name>SysCtrlRegsFile</name>
         <uninitialized>true</uninitialized>
         <run_address>0x7010</run_address>
         <size>0x20</size>
         <input_file_ref idref="fl-b"/>
      </object_component>
      <object_component id="oc-8b">
         <name>SpiaRegsFile</name>
         <uninitialized>true</uninitialized>
         <run_address>0x7040</run_address>
         <size>0x10</size>
         <input_file_ref idref="fl-b"/>
      </object_component>
      <object_component id="oc-88">
         <name>SciaRegsFile</name>
         <uninitialized>true</uninitialized>
         <run_address>0x7050</run_address>
         <size>0x10</size>
         <input_file_ref idref="fl-b"/>
      </object_component>
      <object_component id="oc-8c">
         <name>XIntruptRegsFile</name>
         <uninitialized>true</uninitialized>
         <run_address>0x7070</run_address>
         <size>0x10</size>
         <input_file_ref idref="fl-b"/>
      </object_component>
      <object_component id="oc-8e">
         <name>AdcRegsFile</name>
         <uninitialized>true</uninitialized>
         <run_address>0x7100</run_address>
         <size>0x1e</size>
         <input_file_ref idref="fl-b"/>
      </object_component>
      <object_component id="oc-89">
         <name>ScibRegsFile</name>
         <uninitialized>true</uninitialized>
         <run_address>0x7750</run_address>
         <size>0x10</size>
         <input_file_ref idref="fl-b"/>
      </object_component>
      <object_component id="oc-8a">
         <name>ScicRegsFile</name>
         <uninitialized>true</uninitialized>
         <run_address>0x7770</run_address>
         <size>0x10</size>
         <input_file_ref idref="fl-b"/>
      </object_component>
      <object_component id="oc-9e">
         <name>I2caRegsFile</name>
         <uninitialized>true</uninitialized>
         <run_address>0x7900</run_address>
         <size>0x22</size>
         <input_file_ref idref="fl-b"/>
      </object_component>
      <object_component id="oc-83">
         <name>CsmPwlFile</name>
         <uninitialized>true</uninitialized>
         <run_address>0x33fff8</run_address>
         <size>0x8</size>
         <input_file_ref idref="fl-b"/>
      </object_component>
      <object_component id="oc-7f">
         <name>PartIdRegsFile</name>
         <uninitialized>true</uninitialized>
         <run_address>0x380090</run_address>
         <size>0x1</size>
         <input_file_ref idref="fl-b"/>
      </object_component>
      <object_component id="oc-4e">
         <name>.debug_info</name>
         <load_address>0x0</load_address>
         <run_address>0x0</run_address>
         <size>0x146a</size>
         <input_file_ref idref="fl-2"/>
      </object_component>
      <object_component id="oc-53">
         <name>.debug_info</name>
         <load_address>0x146a</load_address>
         <run_address>0x146a</run_address>
         <size>0x1eb9</size>
         <input_file_ref idref="fl-3"/>
      </object_component>
      <object_component id="oc-5a">
         <name>.debug_info</name>
         <load_address>0x3323</load_address>
         <run_address>0x3323</run_address>
         <size>0xf4</size>
         <input_file_ref idref="fl-4"/>
      </object_component>
      <object_component id="oc-5d">
         <name>.debug_info</name>
         <load_address>0x3417</load_address>
         <run_address>0x3417</run_address>
         <size>0x1ee2</size>
         <input_file_ref idref="fl-5"/>
      </object_component>
      <object_component id="oc-65">
         <name>.debug_info</name>
         <load_address>0x52f9</load_address>
         <run_address>0x52f9</run_address>
         <size>0x12f</size>
         <input_file_ref idref="fl-6"/>
      </object_component>
      <object_component id="oc-68">
         <name>.debug_info</name>
         <load_address>0x5428</load_address>
         <run_address>0x5428</run_address>
         <size>0x808</size>
         <input_file_ref idref="fl-7"/>
      </object_component>
      <object_component id="oc-6e">
         <name>.debug_info</name>
         <load_address>0x5c30</load_address>
         <run_address>0x5c30</run_address>
         <size>0x3c9c</size>
         <input_file_ref idref="fl-8"/>
      </object_component>
      <object_component id="oc-73">
         <name>.debug_info</name>
         <load_address>0x98cc</load_address>
         <run_address>0x98cc</run_address>
         <size>0x224b</size>
         <input_file_ref idref="fl-9"/>
      </object_component>
      <object_component id="oc-79">
         <name>.debug_info</name>
         <load_address>0xbb17</load_address>
         <run_address>0xbb17</run_address>
         <size>0x6035</size>
         <input_file_ref idref="fl-a"/>
      </object_component>
      <object_component id="oc-7e">
         <name>.debug_info</name>
         <load_address>0x11b4c</load_address>
         <run_address>0x11b4c</run_address>
         <size>0x13423</size>
         <input_file_ref idref="fl-b"/>
      </object_component>
      <object_component id="oc-b2">
         <name>.debug_info</name>
         <load_address>0x24f6f</load_address>
         <run_address>0x24f6f</run_address>
         <size>0x1bc7</size>
         <input_file_ref idref="fl-c"/>
      </object_component>
      <object_component id="oc-b7">
         <name>.debug_info</name>
         <load_address>0x26b36</load_address>
         <run_address>0x26b36</run_address>
         <size>0xb20</size>
         <input_file_ref idref="fl-d"/>
      </object_component>
      <object_component id="oc-bc">
         <name>.debug_info</name>
         <load_address>0x27656</load_address>
         <run_address>0x27656</run_address>
         <size>0x22a4</size>
         <input_file_ref idref="fl-e"/>
      </object_component>
      <object_component id="oc-c1">
         <name>.debug_info</name>
         <load_address>0x298fa</load_address>
         <run_address>0x298fa</run_address>
         <size>0x20bc</size>
         <input_file_ref idref="fl-f"/>
      </object_component>
      <object_component id="oc-c8">
         <name>.debug_info</name>
         <load_address>0x2b9b6</load_address>
         <run_address>0x2b9b6</run_address>
         <size>0xf4</size>
         <input_file_ref idref="fl-10"/>
      </object_component>
      <object_component id="oc-cb">
         <name>.debug_info</name>
         <load_address>0x2baaa</load_address>
         <run_address>0x2baaa</run_address>
         <size>0x1edd</size>
         <input_file_ref idref="fl-11"/>
      </object_component>
      <object_component id="oc-d0">
         <name>.debug_info</name>
         <load_address>0x2d987</load_address>
         <run_address>0x2d987</run_address>
         <size>0xa48</size>
         <input_file_ref idref="fl-12"/>
      </object_component>
      <object_component id="oc-d7">
         <name>.debug_info</name>
         <load_address>0x2e3cf</load_address>
         <run_address>0x2e3cf</run_address>
         <size>0x846</size>
         <input_file_ref idref="fl-13"/>
      </object_component>
      <object_component id="oc-de">
         <name>.debug_info</name>
         <load_address>0x2ec15</load_address>
         <run_address>0x2ec15</run_address>
         <size>0x75f</size>
         <input_file_ref idref="fl-14"/>
      </object_component>
      <object_component id="oc-e5">
         <name>.debug_info</name>
         <load_address>0x2f374</load_address>
         <run_address>0x2f374</run_address>
         <size>0x8a6</size>
         <input_file_ref idref="fl-15"/>
      </object_component>
      <object_component id="oc-ec">
         <name>.debug_info</name>
         <load_address>0x2fc1a</load_address>
         <run_address>0x2fc1a</run_address>
         <size>0x85b</size>
         <input_file_ref idref="fl-16"/>
      </object_component>
      <object_component id="oc-f3">
         <name>.debug_info</name>
         <load_address>0x30475</load_address>
         <run_address>0x30475</run_address>
         <size>0x88b</size>
         <input_file_ref idref="fl-17"/>
      </object_component>
      <object_component id="oc-fa">
         <name>.debug_info</name>
         <load_address>0x30d00</load_address>
         <run_address>0x30d00</run_address>
         <size>0x67b</size>
         <input_file_ref idref="fl-18"/>
      </object_component>
      <object_component id="oc-101">
         <name>.debug_info</name>
         <load_address>0x3137b</load_address>
         <run_address>0x3137b</run_address>
         <size>0x4f64</size>
         <input_file_ref idref="fl-19"/>
      </object_component>
      <object_component id="oc-108">
         <name>.debug_info</name>
         <load_address>0x362df</load_address>
         <run_address>0x362df</run_address>
         <size>0x1864</size>
         <input_file_ref idref="fl-1a"/>
      </object_component>
      <object_component id="oc-10d">
         <name>.debug_info</name>
         <load_address>0x37b43</load_address>
         <run_address>0x37b43</run_address>
         <size>0x4ddd</size>
         <input_file_ref idref="fl-1b"/>
      </object_component>
      <object_component id="oc-116">
         <name>.debug_info</name>
         <load_address>0x3c920</load_address>
         <run_address>0x3c920</run_address>
         <size>0x3cf</size>
         <input_file_ref idref="fl-2c"/>
      </object_component>
      <object_component id="oc-11b">
         <name>.debug_info</name>
         <load_address>0x3ccef</load_address>
         <run_address>0x3ccef</run_address>
         <size>0x3e1</size>
         <input_file_ref idref="fl-2d"/>
      </object_component>
      <object_component id="oc-122">
         <name>.debug_info</name>
         <load_address>0x3d0d0</load_address>
         <run_address>0x3d0d0</run_address>
         <size>0x173</size>
         <input_file_ref idref="fl-2e"/>
      </object_component>
      <object_component id="oc-127">
         <name>.debug_info</name>
         <load_address>0x3d243</load_address>
         <run_address>0x3d243</run_address>
         <size>0x114</size>
         <input_file_ref idref="fl-2f"/>
      </object_component>
      <object_component id="oc-12c">
         <name>.debug_info</name>
         <load_address>0x3d357</load_address>
         <run_address>0x3d357</run_address>
         <size>0x176</size>
         <input_file_ref idref="fl-30"/>
      </object_component>
      <object_component id="oc-130">
         <name>.debug_info</name>
         <load_address>0x3d4cd</load_address>
         <run_address>0x3d4cd</run_address>
         <size>0x561</size>
         <input_file_ref idref="fl-31"/>
      </object_component>
      <object_component id="oc-135">
         <name>.debug_info</name>
         <load_address>0x3da2e</load_address>
         <run_address>0x3da2e</run_address>
         <size>0x43a</size>
         <input_file_ref idref="fl-32"/>
      </object_component>
      <object_component id="oc-13a">
         <name>.debug_info</name>
         <load_address>0x3de68</load_address>
         <run_address>0x3de68</run_address>
         <size>0x3ad</size>
         <input_file_ref idref="fl-33"/>
      </object_component>
      <object_component id="oc-13f">
         <name>.debug_info</name>
         <load_address>0x3e215</load_address>
         <run_address>0x3e215</run_address>
         <size>0x3aa</size>
         <input_file_ref idref="fl-34"/>
      </object_component>
      <object_component id="oc-144">
         <name>.debug_info</name>
         <load_address>0x3e5bf</load_address>
         <run_address>0x3e5bf</run_address>
         <size>0x544</size>
         <input_file_ref idref="fl-35"/>
      </object_component>
      <object_component id="oc-14b">
         <name>.debug_info</name>
         <load_address>0x3eb03</load_address>
         <run_address>0x3eb03</run_address>
         <size>0x4cc</size>
         <input_file_ref idref="fl-36"/>
      </object_component>
      <object_component id="oc-150">
         <name>.debug_info</name>
         <load_address>0x3efcf</load_address>
         <run_address>0x3efcf</run_address>
         <size>0x467</size>
         <input_file_ref idref="fl-37"/>
      </object_component>
      <object_component id="oc-1db">
         <name>.debug_info</name>
         <load_address>0x3f436</load_address>
         <run_address>0x3f436</run_address>
         <size>0xa5</size>
      </object_component>
      <object_component id="oc-4f">
         <name>.debug_frame</name>
         <load_address>0x0</load_address>
         <run_address>0x0</run_address>
         <size>0x60</size>
         <input_file_ref idref="fl-2"/>
      </object_component>
      <object_component id="oc-54">
         <name>.debug_frame</name>
         <load_address>0x60</load_address>
         <run_address>0x60</run_address>
         <size>0x44</size>
         <input_file_ref idref="fl-3"/>
      </object_component>
      <object_component id="oc-5e">
         <name>.debug_frame</name>
         <load_address>0xa4</load_address>
         <run_address>0xa4</run_address>
         <size>0x40</size>
         <input_file_ref idref="fl-5"/>
      </object_component>
      <object_component id="oc-6a">
         <name>.debug_frame</name>
         <load_address>0xe4</load_address>
         <run_address>0xe4</run_address>
         <size>0x28</size>
         <input_file_ref idref="fl-7"/>
      </object_component>
      <object_component id="oc-6f">
         <name>.debug_frame</name>
         <load_address>0x10c</load_address>
         <run_address>0x10c</run_address>
         <size>0x418</size>
         <input_file_ref idref="fl-8"/>
      </object_component>
      <object_component id="oc-75">
         <name>.debug_frame</name>
         <load_address>0x524</load_address>
         <run_address>0x524</run_address>
         <size>0xa08</size>
         <input_file_ref idref="fl-9"/>
      </object_component>
      <object_component id="oc-7a">
         <name>.debug_frame</name>
         <load_address>0xf2c</load_address>
         <run_address>0xf2c</run_address>
         <size>0xc0</size>
         <input_file_ref idref="fl-a"/>
      </object_component>
      <object_component id="oc-b3">
         <name>.debug_frame</name>
         <load_address>0xfec</load_address>
         <run_address>0xfec</run_address>
         <size>0x40</size>
         <input_file_ref idref="fl-c"/>
      </object_component>
      <object_component id="oc-b8">
         <name>.debug_frame</name>
         <load_address>0x102c</load_address>
         <run_address>0x102c</run_address>
         <size>0x58</size>
         <input_file_ref idref="fl-d"/>
      </object_component>
      <object_component id="oc-bd">
         <name>.debug_frame</name>
         <load_address>0x1084</load_address>
         <run_address>0x1084</run_address>
         <size>0x44</size>
         <input_file_ref idref="fl-e"/>
      </object_component>
      <object_component id="oc-c2">
         <name>.debug_frame</name>
         <load_address>0x10c8</load_address>
         <run_address>0x10c8</run_address>
         <size>0xd8</size>
         <input_file_ref idref="fl-f"/>
      </object_component>
      <object_component id="oc-cc">
         <name>.debug_frame</name>
         <load_address>0x11a0</load_address>
         <run_address>0x11a0</run_address>
         <size>0x78</size>
         <input_file_ref idref="fl-11"/>
      </object_component>
      <object_component id="oc-d3">
         <name>.debug_frame</name>
         <load_address>0x1218</load_address>
         <run_address>0x1218</run_address>
         <size>0x88</size>
         <input_file_ref idref="fl-12"/>
      </object_component>
      <object_component id="oc-da">
         <name>.debug_frame</name>
         <load_address>0x12a0</load_address>
         <run_address>0x12a0</run_address>
         <size>0x60</size>
         <input_file_ref idref="fl-13"/>
      </object_component>
      <object_component id="oc-e1">
         <name>.debug_frame</name>
         <load_address>0x1300</load_address>
         <run_address>0x1300</run_address>
         <size>0x88</size>
         <input_file_ref idref="fl-14"/>
      </object_component>
      <object_component id="oc-e8">
         <name>.debug_frame</name>
         <load_address>0x1388</load_address>
         <run_address>0x1388</run_address>
         <size>0x74</size>
         <input_file_ref idref="fl-15"/>
      </object_component>
      <object_component id="oc-ef">
         <name>.debug_frame</name>
         <load_address>0x13fc</load_address>
         <run_address>0x13fc</run_address>
         <size>0x88</size>
         <input_file_ref idref="fl-16"/>
      </object_component>
      <object_component id="oc-f6">
         <name>.debug_frame</name>
         <load_address>0x1484</load_address>
         <run_address>0x1484</run_address>
         <size>0x60</size>
         <input_file_ref idref="fl-17"/>
      </object_component>
      <object_component id="oc-fd">
         <name>.debug_frame</name>
         <load_address>0x14e4</load_address>
         <run_address>0x14e4</run_address>
         <size>0x28</size>
         <input_file_ref idref="fl-18"/>
      </object_component>
      <object_component id="oc-104">
         <name>.debug_frame</name>
         <load_address>0x150c</load_address>
         <run_address>0x150c</run_address>
         <size>0xbc</size>
         <input_file_ref idref="fl-19"/>
      </object_component>
      <object_component id="oc-109">
         <name>.debug_frame</name>
         <load_address>0x15c8</load_address>
         <run_address>0x15c8</run_address>
         <size>0x40</size>
         <input_file_ref idref="fl-1a"/>
      </object_component>
      <object_component id="oc-112">
         <name>.debug_frame</name>
         <load_address>0x1608</load_address>
         <run_address>0x1608</run_address>
         <size>0xf8</size>
         <input_file_ref idref="fl-1b"/>
      </object_component>
      <object_component id="oc-117">
         <name>.debug_frame</name>
         <load_address>0x1700</load_address>
         <run_address>0x1700</run_address>
         <size>0x44</size>
         <input_file_ref idref="fl-2c"/>
      </object_component>
      <object_component id="oc-11c">
         <name>.debug_frame</name>
         <load_address>0x1744</load_address>
         <run_address>0x1744</run_address>
         <size>0x64</size>
         <input_file_ref idref="fl-2d"/>
      </object_component>
      <object_component id="oc-131">
         <name>.debug_frame</name>
         <load_address>0x17a8</load_address>
         <run_address>0x17a8</run_address>
         <size>0x60</size>
         <input_file_ref idref="fl-31"/>
      </object_component>
      <object_component id="oc-136">
         <name>.debug_frame</name>
         <load_address>0x1808</load_address>
         <run_address>0x1808</run_address>
         <size>0x40</size>
         <input_file_ref idref="fl-32"/>
      </object_component>
      <object_component id="oc-13b">
         <name>.debug_frame</name>
         <load_address>0x1848</load_address>
         <run_address>0x1848</run_address>
         <size>0x40</size>
         <input_file_ref idref="fl-33"/>
      </object_component>
      <object_component id="oc-140">
         <name>.debug_frame</name>
         <load_address>0x1888</load_address>
         <run_address>0x1888</run_address>
         <size>0x40</size>
         <input_file_ref idref="fl-34"/>
      </object_component>
      <object_component id="oc-147">
         <name>.debug_frame</name>
         <load_address>0x18c8</load_address>
         <run_address>0x18c8</run_address>
         <size>0x60</size>
         <input_file_ref idref="fl-35"/>
      </object_component>
      <object_component id="oc-14c">
         <name>.debug_frame</name>
         <load_address>0x1928</load_address>
         <run_address>0x1928</run_address>
         <size>0x70</size>
         <input_file_ref idref="fl-36"/>
      </object_component>
      <object_component id="oc-151">
         <name>.debug_frame</name>
         <load_address>0x1998</load_address>
         <run_address>0x1998</run_address>
         <size>0x40</size>
         <input_file_ref idref="fl-37"/>
      </object_component>
      <object_component id="oc-50">
         <name>.debug_line</name>
         <load_address>0x0</load_address>
         <run_address>0x0</run_address>
         <size>0x90</size>
         <input_file_ref idref="fl-2"/>
      </object_component>
      <object_component id="oc-55">
         <name>.debug_line</name>
         <load_address>0x90</load_address>
         <run_address>0x90</run_address>
         <size>0x5c</size>
         <input_file_ref idref="fl-3"/>
      </object_component>
      <object_component id="oc-59">
         <name>.debug_line</name>
         <load_address>0xec</load_address>
         <run_address>0xec</run_address>
         <size>0x4d</size>
         <input_file_ref idref="fl-4"/>
      </object_component>
      <object_component id="oc-5f">
         <name>.debug_line</name>
         <load_address>0x139</load_address>
         <run_address>0x139</run_address>
         <size>0x55</size>
         <input_file_ref idref="fl-5"/>
      </object_component>
      <object_component id="oc-64">
         <name>.debug_line</name>
         <load_address>0x18e</load_address>
         <run_address>0x18e</run_address>
         <size>0x65</size>
         <input_file_ref idref="fl-6"/>
      </object_component>
      <object_component id="oc-6b">
         <name>.debug_line</name>
         <load_address>0x1f3</load_address>
         <run_address>0x1f3</run_address>
         <size>0x3c</size>
         <input_file_ref idref="fl-7"/>
      </object_component>
      <object_component id="oc-70">
         <name>.debug_line</name>
         <load_address>0x22f</load_address>
         <run_address>0x22f</run_address>
         <size>0x509</size>
         <input_file_ref idref="fl-8"/>
      </object_component>
      <object_component id="oc-76">
         <name>.debug_line</name>
         <load_address>0x738</load_address>
         <run_address>0x738</run_address>
         <size>0x752</size>
         <input_file_ref idref="fl-9"/>
      </object_component>
      <object_component id="oc-7b">
         <name>.debug_line</name>
         <load_address>0xe8a</load_address>
         <run_address>0xe8a</run_address>
         <size>0x166</size>
         <input_file_ref idref="fl-a"/>
      </object_component>
      <object_component id="oc-b4">
         <name>.debug_line</name>
         <load_address>0xff0</load_address>
         <run_address>0xff0</run_address>
         <size>0x5e</size>
         <input_file_ref idref="fl-c"/>
      </object_component>
      <object_component id="oc-b9">
         <name>.debug_line</name>
         <load_address>0x104e</load_address>
         <run_address>0x104e</run_address>
         <size>0x8a</size>
         <input_file_ref idref="fl-d"/>
      </object_component>
      <object_component id="oc-be">
         <name>.debug_line</name>
         <load_address>0x10d8</load_address>
         <run_address>0x10d8</run_address>
         <size>0x6c</size>
         <input_file_ref idref="fl-e"/>
      </object_component>
      <object_component id="oc-c3">
         <name>.debug_line</name>
         <load_address>0x1144</load_address>
         <run_address>0x1144</run_address>
         <size>0x169</size>
         <input_file_ref idref="fl-f"/>
      </object_component>
      <object_component id="oc-c7">
         <name>.debug_line</name>
         <load_address>0x12ad</load_address>
         <run_address>0x12ad</run_address>
         <size>0x4c</size>
         <input_file_ref idref="fl-10"/>
      </object_component>
      <object_component id="oc-cd">
         <name>.debug_line</name>
         <load_address>0x12f9</load_address>
         <run_address>0x12f9</run_address>
         <size>0x9f</size>
         <input_file_ref idref="fl-11"/>
      </object_component>
      <object_component id="oc-d4">
         <name>.debug_line</name>
         <load_address>0x1398</load_address>
         <run_address>0x1398</run_address>
         <size>0xe8</size>
         <input_file_ref idref="fl-12"/>
      </object_component>
      <object_component id="oc-db">
         <name>.debug_line</name>
         <load_address>0x1480</load_address>
         <run_address>0x1480</run_address>
         <size>0xb6</size>
         <input_file_ref idref="fl-13"/>
      </object_component>
      <object_component id="oc-e2">
         <name>.debug_line</name>
         <load_address>0x1536</load_address>
         <run_address>0x1536</run_address>
         <size>0xab</size>
         <input_file_ref idref="fl-14"/>
      </object_component>
      <object_component id="oc-e9">
         <name>.debug_line</name>
         <load_address>0x15e1</load_address>
         <run_address>0x15e1</run_address>
         <size>0x72</size>
         <input_file_ref idref="fl-15"/>
      </object_component>
      <object_component id="oc-f0">
         <name>.debug_line</name>
         <load_address>0x1653</load_address>
         <run_address>0x1653</run_address>
         <size>0x5d</size>
         <input_file_ref idref="fl-16"/>
      </object_component>
      <object_component id="oc-f7">
         <name>.debug_line</name>
         <load_address>0x16b0</load_address>
         <run_address>0x16b0</run_address>
         <size>0x73</size>
         <input_file_ref idref="fl-17"/>
      </object_component>
      <object_component id="oc-fe">
         <name>.debug_line</name>
         <load_address>0x1723</load_address>
         <run_address>0x1723</run_address>
         <size>0x35</size>
         <input_file_ref idref="fl-18"/>
      </object_component>
      <object_component id="oc-105">
         <name>.debug_line</name>
         <load_address>0x1758</load_address>
         <run_address>0x1758</run_address>
         <size>0x143</size>
         <input_file_ref idref="fl-19"/>
      </object_component>
      <object_component id="oc-10a">
         <name>.debug_line</name>
         <load_address>0x189b</load_address>
         <run_address>0x189b</run_address>
         <size>0xcf</size>
         <input_file_ref idref="fl-1a"/>
      </object_component>
      <object_component id="oc-113">
         <name>.debug_line</name>
         <load_address>0x196a</load_address>
         <run_address>0x196a</run_address>
         <size>0xe2</size>
         <input_file_ref idref="fl-1b"/>
      </object_component>
      <object_component id="oc-118">
         <name>.debug_line</name>
         <load_address>0x1a4c</load_address>
         <run_address>0x1a4c</run_address>
         <size>0x50</size>
         <input_file_ref idref="fl-2c"/>
      </object_component>
      <object_component id="oc-11d">
         <name>.debug_line</name>
         <load_address>0x1a9c</load_address>
         <run_address>0x1a9c</run_address>
         <size>0x60</size>
         <input_file_ref idref="fl-2d"/>
      </object_component>
      <object_component id="oc-123">
         <name>.debug_line</name>
         <load_address>0x1afc</load_address>
         <run_address>0x1afc</run_address>
         <size>0x7e</size>
         <input_file_ref idref="fl-2e"/>
      </object_component>
      <object_component id="oc-128">
         <name>.debug_line</name>
         <load_address>0x1b7a</load_address>
         <run_address>0x1b7a</run_address>
         <size>0xad</size>
         <input_file_ref idref="fl-2f"/>
      </object_component>
      <object_component id="oc-12d">
         <name>.debug_line</name>
         <load_address>0x1c27</load_address>
         <run_address>0x1c27</run_address>
         <size>0x6c</size>
         <input_file_ref idref="fl-30"/>
      </object_component>
      <object_component id="oc-132">
         <name>.debug_line</name>
         <load_address>0x1c93</load_address>
         <run_address>0x1c93</run_address>
         <size>0x50</size>
         <input_file_ref idref="fl-31"/>
      </object_component>
      <object_component id="oc-137">
         <name>.debug_line</name>
         <load_address>0x1ce3</load_address>
         <run_address>0x1ce3</run_address>
         <size>0x62</size>
         <input_file_ref idref="fl-32"/>
      </object_component>
      <object_component id="oc-13c">
         <name>.debug_line</name>
         <load_address>0x1d45</load_address>
         <run_address>0x1d45</run_address>
         <size>0x3e</size>
         <input_file_ref idref="fl-33"/>
      </object_component>
      <object_component id="oc-141">
         <name>.debug_line</name>
         <load_address>0x1d83</load_address>
         <run_address>0x1d83</run_address>
         <size>0x3a</size>
         <input_file_ref idref="fl-34"/>
      </object_component>
      <object_component id="oc-148">
         <name>.debug_line</name>
         <load_address>0x1dbd</load_address>
         <run_address>0x1dbd</run_address>
         <size>0x65</size>
         <input_file_ref idref="fl-35"/>
      </object_component>
      <object_component id="oc-14d">
         <name>.debug_line</name>
         <load_address>0x1e22</load_address>
         <run_address>0x1e22</run_address>
         <size>0x5e</size>
         <input_file_ref idref="fl-36"/>
      </object_component>
      <object_component id="oc-152">
         <name>.debug_line</name>
         <load_address>0x1e80</load_address>
         <run_address>0x1e80</run_address>
         <size>0x4f</size>
         <input_file_ref idref="fl-37"/>
      </object_component>
      <object_component id="oc-51">
         <name>.debug_abbrev</name>
         <load_address>0x0</load_address>
         <run_address>0x0</run_address>
         <size>0x116</size>
         <input_file_ref idref="fl-2"/>
      </object_component>
      <object_component id="oc-56">
         <name>.debug_abbrev</name>
         <load_address>0x116</load_address>
         <run_address>0x116</run_address>
         <size>0x120</size>
         <input_file_ref idref="fl-3"/>
      </object_component>
      <object_component id="oc-5b">
         <name>.debug_abbrev</name>
         <load_address>0x236</load_address>
         <run_address>0x236</run_address>
         <size>0x2f</size>
         <input_file_ref idref="fl-4"/>
      </object_component>
      <object_component id="oc-60">
         <name>.debug_abbrev</name>
         <load_address>0x265</load_address>
         <run_address>0x265</run_address>
         <size>0x10f</size>
         <input_file_ref idref="fl-5"/>
      </object_component>
      <object_component id="oc-66">
         <name>.debug_abbrev</name>
         <load_address>0x374</load_address>
         <run_address>0x374</run_address>
         <size>0x21</size>
         <input_file_ref idref="fl-6"/>
      </object_component>
      <object_component id="oc-6c">
         <name>.debug_abbrev</name>
         <load_address>0x395</load_address>
         <run_address>0x395</run_address>
         <size>0xfd</size>
         <input_file_ref idref="fl-7"/>
      </object_component>
      <object_component id="oc-71">
         <name>.debug_abbrev</name>
         <load_address>0x492</load_address>
         <run_address>0x492</run_address>
         <size>0x128</size>
         <input_file_ref idref="fl-8"/>
      </object_component>
      <object_component id="oc-77">
         <name>.debug_abbrev</name>
         <load_address>0x5ba</load_address>
         <run_address>0x5ba</run_address>
         <size>0xa8</size>
         <input_file_ref idref="fl-9"/>
      </object_component>
      <object_component id="oc-7c">
         <name>.debug_abbrev</name>
         <load_address>0x662</load_address>
         <run_address>0x662</run_address>
         <size>0x151</size>
         <input_file_ref idref="fl-a"/>
      </object_component>
      <object_component id="oc-b1">
         <name>.debug_abbrev</name>
         <load_address>0x7b3</load_address>
         <run_address>0x7b3</run_address>
         <size>0xb7</size>
         <input_file_ref idref="fl-b"/>
      </object_component>
      <object_component id="oc-b5">
         <name>.debug_abbrev</name>
         <load_address>0x86a</load_address>
         <run_address>0x86a</run_address>
         <size>0xdc</size>
         <input_file_ref idref="fl-c"/>
      </object_component>
      <object_component id="oc-ba">
         <name>.debug_abbrev</name>
         <load_address>0x946</load_address>
         <run_address>0x946</run_address>
         <size>0xc8</size>
         <input_file_ref idref="fl-d"/>
      </object_component>
      <object_component id="oc-bf">
         <name>.debug_abbrev</name>
         <load_address>0xa0e</load_address>
         <run_address>0xa0e</run_address>
         <size>0x116</size>
         <input_file_ref idref="fl-e"/>
      </object_component>
      <object_component id="oc-c4">
         <name>.debug_abbrev</name>
         <load_address>0xb24</load_address>
         <run_address>0xb24</run_address>
         <size>0x17b</size>
         <input_file_ref idref="fl-f"/>
      </object_component>
      <object_component id="oc-c9">
         <name>.debug_abbrev</name>
         <load_address>0xc9f</load_address>
         <run_address>0xc9f</run_address>
         <size>0x2f</size>
         <input_file_ref idref="fl-10"/>
      </object_component>
      <object_component id="oc-ce">
         <name>.debug_abbrev</name>
         <load_address>0xcce</load_address>
         <run_address>0xcce</run_address>
         <size>0xf8</size>
         <input_file_ref idref="fl-11"/>
      </object_component>
      <object_component id="oc-d5">
         <name>.debug_abbrev</name>
         <load_address>0xdc6</load_address>
         <run_address>0xdc6</run_address>
         <size>0xcc</size>
         <input_file_ref idref="fl-12"/>
      </object_component>
      <object_component id="oc-dc">
         <name>.debug_abbrev</name>
         <load_address>0xe92</load_address>
         <run_address>0xe92</run_address>
         <size>0xa5</size>
         <input_file_ref idref="fl-13"/>
      </object_component>
      <object_component id="oc-e3">
         <name>.debug_abbrev</name>
         <load_address>0xf37</load_address>
         <run_address>0xf37</run_address>
         <size>0xd7</size>
         <input_file_ref idref="fl-14"/>
      </object_component>
      <object_component id="oc-ea">
         <name>.debug_abbrev</name>
         <load_address>0x100e</load_address>
         <run_address>0x100e</run_address>
         <size>0xdc</size>
         <input_file_ref idref="fl-15"/>
      </object_component>
      <object_component id="oc-f1">
         <name>.debug_abbrev</name>
         <load_address>0x10ea</load_address>
         <run_address>0x10ea</run_address>
         <size>0xdc</size>
         <input_file_ref idref="fl-16"/>
      </object_component>
      <object_component id="oc-f8">
         <name>.debug_abbrev</name>
         <load_address>0x11c6</load_address>
         <run_address>0x11c6</run_address>
         <size>0xdc</size>
         <input_file_ref idref="fl-17"/>
      </object_component>
      <object_component id="oc-ff">
         <name>.debug_abbrev</name>
         <load_address>0x12a2</load_address>
         <run_address>0x12a2</run_address>
         <size>0xcc</size>
         <input_file_ref idref="fl-18"/>
      </object_component>
      <object_component id="oc-106">
         <name>.debug_abbrev</name>
         <load_address>0x136e</load_address>
         <run_address>0x136e</run_address>
         <size>0x168</size>
         <input_file_ref idref="fl-19"/>
      </object_component>
      <object_component id="oc-10b">
         <name>.debug_abbrev</name>
         <load_address>0x14d6</load_address>
         <run_address>0x14d6</run_address>
         <size>0xc8</size>
         <input_file_ref idref="fl-1a"/>
      </object_component>
      <object_component id="oc-114">
         <name>.debug_abbrev</name>
         <load_address>0x159e</load_address>
         <run_address>0x159e</run_address>
         <size>0x1b4</size>
         <input_file_ref idref="fl-1b"/>
      </object_component>
      <object_component id="oc-119">
         <name>.debug_abbrev</name>
         <load_address>0x1752</load_address>
         <run_address>0x1752</run_address>
         <size>0x84</size>
         <input_file_ref idref="fl-2c"/>
      </object_component>
      <object_component id="oc-11e">
         <name>.debug_abbrev</name>
         <load_address>0x17d6</load_address>
         <run_address>0x17d6</run_address>
         <size>0x84</size>
         <input_file_ref idref="fl-2d"/>
      </object_component>
      <object_component id="oc-124">
         <name>.debug_abbrev</name>
         <load_address>0x185a</load_address>
         <run_address>0x185a</run_address>
         <size>0x46</size>
         <input_file_ref idref="fl-2e"/>
      </object_component>
      <object_component id="oc-129">
         <name>.debug_abbrev</name>
         <load_address>0x18a0</load_address>
         <run_address>0x18a0</run_address>
         <size>0x38</size>
         <input_file_ref idref="fl-2f"/>
      </object_component>
      <object_component id="oc-12e">
         <name>.debug_abbrev</name>
         <load_address>0x18d8</load_address>
         <run_address>0x18d8</run_address>
         <size>0x38</size>
         <input_file_ref idref="fl-30"/>
      </object_component>
      <object_component id="oc-133">
         <name>.debug_abbrev</name>
         <load_address>0x1910</load_address>
         <run_address>0x1910</run_address>
         <size>0xe3</size>
         <input_file_ref idref="fl-31"/>
      </object_component>
      <object_component id="oc-138">
         <name>.debug_abbrev</name>
         <load_address>0x19f3</load_address>
         <run_address>0x19f3</run_address>
         <size>0xa8</size>
         <input_file_ref idref="fl-32"/>
      </object_component>
      <object_component id="oc-13d">
         <name>.debug_abbrev</name>
         <load_address>0x1a9b</load_address>
         <run_address>0x1a9b</run_address>
         <size>0x68</size>
         <input_file_ref idref="fl-33"/>
      </object_component>
      <object_component id="oc-142">
         <name>.debug_abbrev</name>
         <load_address>0x1b03</load_address>
         <run_address>0x1b03</run_address>
         <size>0x66</size>
         <input_file_ref idref="fl-34"/>
      </object_component>
      <object_component id="oc-149">
         <name>.debug_abbrev</name>
         <load_address>0x1b69</load_address>
         <run_address>0x1b69</run_address>
         <size>0x130</size>
         <input_file_ref idref="fl-35"/>
      </object_component>
      <object_component id="oc-14e">
         <name>.debug_abbrev</name>
         <load_address>0x1c99</load_address>
         <run_address>0x1c99</run_address>
         <size>0xb2</size>
         <input_file_ref idref="fl-36"/>
      </object_component>
      <object_component id="oc-153">
         <name>.debug_abbrev</name>
         <load_address>0x1d4b</load_address>
         <run_address>0x1d4b</run_address>
         <size>0xee</size>
         <input_file_ref idref="fl-37"/>
      </object_component>
      <object_component id="oc-1dc">
         <name>.debug_abbrev</name>
         <load_address>0x1e39</load_address>
         <run_address>0x1e39</run_address>
         <size>0xf</size>
      </object_component>
      <object_component id="oc-52">
         <name>.debug_aranges</name>
         <load_address>0x0</load_address>
         <run_address>0x0</run_address>
         <size>0x28</size>
         <input_file_ref idref="fl-2"/>
      </object_component>
      <object_component id="oc-57">
         <name>.debug_aranges</name>
         <load_address>0x28</load_address>
         <run_address>0x28</run_address>
         <size>0x20</size>
         <input_file_ref idref="fl-3"/>
      </object_component>
      <object_component id="oc-5c">
         <name>.debug_aranges</name>
         <load_address>0x48</load_address>
         <run_address>0x48</run_address>
         <size>0x20</size>
         <input_file_ref idref="fl-4"/>
      </object_component>
      <object_component id="oc-61">
         <name>.debug_aranges</name>
         <load_address>0x68</load_address>
         <run_address>0x68</run_address>
         <size>0x20</size>
         <input_file_ref idref="fl-5"/>
      </object_component>
      <object_component id="oc-67">
         <name>.debug_aranges</name>
         <load_address>0x88</load_address>
         <run_address>0x88</run_address>
         <size>0x28</size>
         <input_file_ref idref="fl-6"/>
      </object_component>
      <object_component id="oc-6d">
         <name>.debug_aranges</name>
         <load_address>0xb0</load_address>
         <run_address>0xb0</run_address>
         <size>0x18</size>
         <input_file_ref idref="fl-7"/>
      </object_component>
      <object_component id="oc-72">
[...]
         <value>0x338bc3</value>
         <object_component_ref idref="oc-17a"/>
      </symbol>
      <symbol id="sm-267">
         <name>_InitECanbGpio</name>
         <value>0x338bde</value>
         <object_component_ref idref="oc-17a"/>
      </symbol>
      <symbol id="sm-269">
         <name>_InitECanaGpio</name>
         <value>0x338bc8</value>
         <object_component_ref idref="oc-17a"/>
      </symbol>
      <symbol id="sm-26b">
         <name>_InitECana</name>
         <value>0x338ac5</value>
         <object_component_ref idref="oc-17a"/>
      </symbol>
      <symbol id="sm-26d">
         <name>_InitECanb</name>
         <value>0x338b44</value>
         <object_component_ref idref="oc-17a"/>
      </symbol>
      <symbol id="sm-2d8">
         <name>_GpioCtrlRegs</name>
         <value>0x6f80</value>
         <object_component_ref idref="oc-a1"/>
      </symbol>
      <symbol id="sm-2d9">
         <name>_PieVectTable</name>
         <value>0xd00</value>
         <object_component_ref idref="oc-b0"/>
      </symbol>
      <symbol id="sm-2da">
         <name>_ECap4Regs</name>
         <value>0x6a60</value>
         <object_component_ref idref="oc-93"/>
      </symbol>
      <symbol id="sm-2db">
         <name>_CsmRegs</name>
         <value>0xae0</value>
         <object_component_ref idref="oc-87"/>
      </symbol>
      <symbol id="sm-2dc">
         <name>_ECanaLAMRegs</name>
         <value>0x6040</value>
         <object_component_ref idref="oc-a4"/>
      </symbol>
      <symbol id="sm-2dd">
         <name>_ECanbMOTORegs</name>
         <value>0x62c0</value>
         <object_component_ref idref="oc-a9"/>
      </symbol>
      <symbol id="sm-2de">
         <name>_EPwm4Regs</name>
         <value>0x58c0</value>
         <object_component_ref idref="oc-9b"/>
      </symbol>
      <symbol id="sm-2df">
         <name>_ECap5Regs</name>
         <value>0x6a80</value>
         <object_component_ref idref="oc-94"/>
      </symbol>
      <symbol id="sm-2e0">
         <name>_CpuTimer1Regs</name>
         <value>0xc08</value>
         <object_component_ref idref="oc-81"/>
      </symbol>
      <symbol id="sm-2e1">
         <name>_SysCtrlRegs</name>
         <value>0x7010</value>
         <object_component_ref idref="oc-97"/>
      </symbol>
      <symbol id="sm-2e2">
         <name>_EPwm5Regs</name>
         <value>0x5900</value>
         <object_component_ref idref="oc-9c"/>
      </symbol>
      <symbol id="sm-2e3">
         <name>_SpiaRegs</name>
         <value>0x7040</value>
         <object_component_ref idref="oc-8b"/>
      </symbol>
      <symbol id="sm-2e4">
         <name>_ECanaMOTSRegs</name>
         <value>0x6080</value>
         <object_component_ref idref="oc-a5"/>
      </symbol>
      <symbol id="sm-2e5">
         <name>_ECap6Regs</name>
         <value>0x6aa0</value>
         <object_component_ref idref="oc-95"/>
      </symbol>
      <symbol id="sm-2e6">
         <name>_DmaRegs</name>
         <value>0x1000</value>
         <object_component_ref idref="oc-ad"/>
      </symbol>
      <symbol id="sm-2e7">
         <name>_FlashRegs</name>
         <value>0xa80</value>
         <object_component_ref idref="oc-84"/>
      </symbol>
      <symbol id="sm-2e8">
         <name>_CpuTimer0Regs</name>
         <value>0xc00</value>
         <object_component_ref idref="oc-80"/>
      </symbol>
      <symbol id="sm-2e9">
         <name>_DevEmuRegs</name>
         <value>0x880</value>
         <object_component_ref idref="oc-ac"/>
      </symbol>
      <symbol id="sm-2ea">
         <name>_McbspbRegs</name>
         <value>0x5040</value>
         <object_component_ref idref="oc-a0"/>
      </symbol>
      <symbol id="sm-2eb">
         <name>_EPwm6Regs</name>
         <value>0x5940</value>
         <object_component_ref idref="oc-9d"/>
      </symbol>
      <symbol id="sm-2ec">
         <name>_SciaRegs</name>
         <value>0x7050</value>
         <object_component_ref idref="oc-88"/>
      </symbol>
      <symbol id="sm-2ed">
         <name>_GpioDataRegs</name>
         <value>0x6fc0</value>
         <object_component_ref idref="oc-96"/>
      </symbol>
      <symbol id="sm-2ee">
         <name>_CsmPwl</name>
         <value>0x33fff8</value>
         <object_component_ref idref="oc-83"/>
      </symbol>
      <symbol id="sm-2ef">
         <name>_AdcRegs</name>
         <value>0x7100</value>
         <object_component_ref idref="oc-8e"/>
      </symbol>
      <symbol id="sm-2f0">
         <name>_XIntruptRegs</name>
         <value>0x7070</value>
         <object_component_ref idref="oc-8c"/>
      </symbol>
      <symbol id="sm-2f1">
         <name>_CpuTimer2Regs</name>
         <value>0xc10</value>
         <object_component_ref idref="oc-82"/>
      </symbol>
      <symbol id="sm-2f2">
         <name>_PieCtrlRegs</name>
         <value>0xce0</value>
         <object_component_ref idref="oc-8d"/>
      </symbol>
      <symbol id="sm-2f3">
         <name>_ECanbMOTSRegs</name>
         <value>0x6280</value>
         <object_component_ref idref="oc-a8"/>
      </symbol>
      <symbol id="sm-2f4">
         <name>_ECanaRegs</name>
         <value>0x6000</value>
         <object_component_ref idref="oc-a2"/>
      </symbol>
      <symbol id="sm-2f5">
         <name>_AdcMirror</name>
         <value>0xb00</value>
         <object_component_ref idref="oc-86"/>
      </symbol>
      <symbol id="sm-2f6">
         <name>_ECanbMboxes</name>
         <value>0x6300</value>
         <object_component_ref idref="oc-af"/>
      </symbol>
      <symbol id="sm-2f7">
         <name>_XintfRegs</name>
         <value>0xb20</value>
         <object_component_ref idref="oc-8f"/>
      </symbol>
      <symbol id="sm-2f8">
         <name>_ScicRegs</name>
         <value>0x7770</value>
         <object_component_ref idref="oc-8a"/>
      </symbol>
      <symbol id="sm-2f9">
         <name>_ECap1Regs</name>
         <value>0x6a00</value>
         <object_component_ref idref="oc-90"/>
      </symbol>
      <symbol id="sm-2fa">
         <name>_EQep1Regs</name>
         <value>0x6b00</value>
         <object_component_ref idref="oc-aa"/>
      </symbol>
      <symbol id="sm-2fb">
         <name>_McbspaRegs</name>
         <value>0x5000</value>
         <object_component_ref idref="oc-9f"/>
      </symbol>
      <symbol id="sm-2fc">
         <name>_EPwm1Regs</name>
         <value>0x5800</value>
         <object_component_ref idref="oc-98"/>
      </symbol>
      <symbol id="sm-2fd">
         <name>_ECanbRegs</name>
         <value>0x6200</value>
         <object_component_ref idref="oc-a3"/>
      </symbol>
      <symbol id="sm-2fe">
         <name>_ScibRegs</name>
         <value>0x7750</value>
         <object_component_ref idref="oc-89"/>
      </symbol>
      <symbol id="sm-2ff">
         <name>_ECap2Regs</name>
         <value>0x6a20</value>
         <object_component_ref idref="oc-91"/>
      </symbol>
      <symbol id="sm-300">
         <name>_GpioIntRegs</name>
         <value>0x6fe0</value>
         <object_component_ref idref="oc-85"/>
      </symbol>
      <symbol id="sm-301">
         <name>_EQep2Regs</name>
         <value>0x6b40</value>
         <object_component_ref idref="oc-ab"/>
      </symbol>
      <symbol id="sm-302">
         <name>_PartIdRegs</name>
         <value>0x380090</value>
         <object_component_ref idref="oc-7f"/>
      </symbol>
      <symbol id="sm-303">
         <name>_EPwm2Regs</name>
         <value>0x5840</value>
         <object_component_ref idref="oc-99"/>
      </symbol>
      <symbol id="sm-304">
         <name>_ECanaMboxes</name>
         <value>0x6100</value>
         <object_component_ref idref="oc-ae"/>
      </symbol>
      <symbol id="sm-305">
         <name>_ECap3Regs</name>
         <value>0x6a40</value>
         <object_component_ref idref="oc-92"/>
      </symbol>
      <symbol id="sm-306">
         <name>_ECanaMOTORegs</name>
         <value>0x60c0</value>
         <object_component_ref idref="oc-a6"/>
      </symbol>
      <symbol id="sm-307">
         <name>_EPwm3Regs</name>
         <value>0x5880</value>
         <object_component_ref idref="oc-9a"/>
      </symbol>
      <symbol id="sm-308">
         <name>_ECanbLAMRegs</name>
         <value>0x6240</value>
         <object_component_ref idref="oc-a7"/>
      </symbol>
      <symbol id="sm-309">
         <name>_I2caRegs</name>
         <value>0x7900</value>
         <object_component_ref idref="oc-9e"/>
      </symbol>
      <symbol id="sm-315">
         <name>_InitGpio</name>
         <value>0x3390a3</value>
         <object_component_ref idref="oc-171"/>
      </symbol>
      <symbol id="sm-322">
         <name>_InitPieCtrl</name>
         <value>0x339002</value>
         <object_component_ref idref="oc-173"/>
      </symbol>
      <symbol id="sm-324">
         <name>_EnableInterrupts</name>
         <value>0x339021</value>
         <object_component_ref idref="oc-173"/>
      </symbol>
      <symbol id="sm-335">
         <name>_PieVectTableInit</name>
         <value>0x3390f4</value>
         <object_component_ref idref="oc-180"/>
      </symbol>
      <symbol id="sm-336">
         <name>_InitPieVectTable</name>
         <value>0x33904e</value>
         <object_component_ref idref="oc-174"/>
      </symbol>
      <symbol id="sm-34e">
         <name>_InitPll</name>
         <value>0x338bfa</value>
         <object_component_ref idref="oc-16f"/>
      </symbol>
      <symbol id="sm-350">
         <name>_DisableDog</name>
         <value>0x338bf2</value>
         <object_component_ref idref="oc-16f"/>
      </symbol>
      <symbol id="sm-352">
         <name>_InitPeripheralClocks</name>
         <value>0x338c4a</value>
         <object_component_ref idref="oc-16f"/>
      </symbol>
      <symbol id="sm-354">
         <name>_InitFlash</name>
         <value>0x88be</value>
         <object_component_ref idref="oc-170"/>
      </symbol>
      <symbol id="sm-356">
         <name>_CsmUnlock</name>
         <value>0x338ca5</value>
         <object_component_ref idref="oc-16f"/>
      </symbol>
      <symbol id="sm-358">
         <name>_ServiceDog</name>
         <value>0x338be8</value>
         <object_component_ref idref="oc-16f"/>
      </symbol>
      <symbol id="sm-35a">
         <name>_InitSysCtrl</name>
         <value>0x338bdf</value>
         <object_component_ref idref="oc-16f"/>
      </symbol>
      <symbol id="sm-367">
         <name>_DSP28x_usDelay</name>
         <value>0x88ed</value>
         <object_component_ref idref="oc-c6"/>
      </symbol>
      <symbol id="sm-377">
         <name>_Setup_GPIO</name>
         <value>0x338f4a</value>
         <object_component_ref idref="oc-172"/>
      </symbol>
      <symbol id="sm-379">
         <name>_reset_drivers</name>
         <value>0x88e9</value>
         <object_component_ref idref="oc-15e"/>
      </symbol>
      <symbol id="sm-37b">
         <name>_enable_ePWM</name>
         <value>0x88d9</value>
         <object_component_ref idref="oc-15e"/>
      </symbol>
      <symbol id="sm-39a">
         <name>_Park_inverse</name>
         <value>0x8120</value>
         <object_component_ref idref="oc-15c"/>
      </symbol>
      <symbol id="sm-39c">
         <name>_PLL_dq</name>
         <value>0x8000</value>
         <object_component_ref idref="oc-15c"/>
      </symbol>
      <symbol id="sm-3bc">
         <name>_state_mach</name>
         <value>0x81e0</value>
         <object_component_ref idref="oc-15d"/>
      </symbol>
      <symbol id="sm-3ea">
         <name>_rms_calculation</name>
         <value>0x845e</value>
         <object_component_ref idref="oc-15b"/>
      </symbol>
      <symbol id="sm-3ec">
         <name>_power_computation</name>
         <value>0x851c</value>
         <object_component_ref idref="oc-15b"/>
      </symbol>
      <symbol id="sm-40a">
         <name>_DQCURRENT_comp</name>
         <value>0x8677</value>
         <object_component_ref idref="oc-17f"/>
      </symbol>
      <symbol id="sm-421">
         <name>_DQPOWER_comp</name>
         <value>0x8815</value>
         <object_component_ref idref="oc-16e"/>
      </symbol>
      <symbol id="sm-43f">
         <name>_DQSTATCOM_comp</name>
         <value>0x8759</value>
         <object_component_ref idref="oc-15f"/>
      </symbol>
      <symbol id="sm-47e">
         <name>_Setup_eCAN</name>
         <value>0x338734</value>
         <object_component_ref idref="oc-17b"/>
      </symbol>
      <symbol id="sm-480">
         <name>_MBXwrA</name>
         <value>0x3386ff</value>
         <object_component_ref idref="oc-17b"/>
      </symbol>
      <symbol id="sm-482">
         <name>_read</name>
         <value>0x8cdc</value>
         <object_component_ref idref="oc-103"/>
      </symbol>
      <symbol id="sm-483">
         <name>_mailbox_read</name>
         <value>0x338719</value>
         <object_component_ref idref="oc-17b"/>
      </symbol>
      <symbol id="sm-485">
         <name>_eCAN_RW</name>
         <value>0x3387b3</value>
         <object_component_ref idref="oc-17b"/>
      </symbol>
      <symbol id="sm-492">
         <name>_Setup_ePWM</name>
         <value>0x338991</value>
         <object_component_ref idref="oc-179"/>
      </symbol>
      <symbol id="sm-4b0">
         <name>_PLL_Park</name>
         <value>0x8c80</value>
         <object_component_ref idref="oc-10f"/>
      </symbol>
      <symbol id="sm-4b1">
         <name>_ADC_counter</name>
         <value>0x8c02</value>
         <object_component_ref idref="oc-10f"/>
      </symbol>
      <symbol id="sm-4b2">
         <name>_main</name>
         <value>0x338d5e</value>
         <object_component_ref idref="oc-161"/>
      </symbol>
      <symbol id="sm-4b4">
         <name>_adc_SEQ2_isr</name>
         <value>0x8591</value>
         <object_component_ref idref="oc-111"/>
      </symbol>
      <symbol id="sm-4b6">
         <name>_setpoints</name>
         <value>0x8c14</value>
         <object_component_ref idref="oc-10f"/>
      </symbol>
      <symbol id="sm-4b7">
         <name>_ADC_read</name>
         <value>0xc004</value>
         <object_component_ref idref="oc-110"/>
      </symbol>
      <symbol id="sm-4b8">
         <name>_read_register</name>
         <value>0x8c04</value>
         <object_component_ref idref="oc-10f"/>
      </symbol>
      <symbol id="sm-4b9">
         <name>_state</name>
         <value>0x8c0e</value>
         <object_component_ref idref="oc-10f"/>
      </symbol>
      <symbol id="sm-4ba">
         <name>_uvsg_out</name>
         <value>0x8c98</value>
         <object_component_ref idref="oc-10f"/>
      </symbol>
      <symbol id="sm-4bb">
         <name>_selector</name>
         <value>0x8c01</value>
         <object_component_ref idref="oc-10f"/>
      </symbol>
      <symbol id="sm-4bc">
         <name>_rms_values</name>
         <value>0x8c22</value>
         <object_component_ref idref="oc-10f"/>
      </symbol>
      <symbol id="sm-4bd">
         <name>_eta</name>
         <value>0x8c40</value>
         <object_component_ref idref="oc-10f"/>
      </symbol>
      <symbol id="sm-4be">
         <name>_buffer_counter</name>
         <value>0x8c00</value>
         <object_component_ref idref="oc-10f"/>
      </symbol>
      <symbol id="sm-4bf">
         <name>_adc_SEQ1_isr</name>
         <value>0x857a</value>
         <object_component_ref idref="oc-111"/>
      </symbol>
      <symbol id="sm-4c1">
         <name>_duty</name>
         <value>0xc000</value>
         <object_component_ref idref="oc-110"/>
      </symbol>
      <symbol id="sm-4c2">
         <name>_ADC_processed</name>
         <value>0x8c54</value>
         <object_component_ref idref="oc-10f"/>
      </symbol>
      <symbol id="sm-4c3">
         <name>_p</name>
         <value>0x8c08</value>
         <object_component_ref idref="oc-10f"/>
      </symbol>
      <symbol id="sm-4d1">
         <name>_cos</name>
         <value>0x338e43</value>
         <object_component_ref idref="oc-16c"/>
      </symbol>
      <symbol id="sm-4d2">
         <name>_cosf</name>
         <value>0x338e43</value>
         <object_component_ref idref="oc-16c"/>
      </symbol>
      <symbol id="sm-4e0">
         <name>_sin</name>
         <value>0x338ddd</value>
         <object_component_ref idref="oc-16b"/>
      </symbol>
      <symbol id="sm-4e1">
         <name>_sinf</name>
         <value>0x338ddd</value>
         <object_component_ref idref="oc-16b"/>
      </symbol>
      <symbol id="sm-4fd">
         <name>_c_int00</name>
         <value>0x338ea6</value>
         <object_component_ref idref="oc-4d"/>
      </symbol>
      <symbol id="sm-4fe">
         <name>__stack</name>
         <value>0x88f2</value>
         <object_component_ref idref="oc-120"/>
      </symbol>
      <symbol id="sm-50f">
         <name>FS$$DIV</name>
         <value>0x338cd6</value>
         <object_component_ref idref="oc-126"/>
      </symbol>
      <symbol id="sm-51b">
         <name>LL$$AND</name>
         <value>0x33908b</value>
         <object_component_ref idref="oc-12b"/>
      </symbol>
      <symbol id="sm-51c">
         <name>LL$$OR</name>
         <value>0x339093</value>
         <object_component_ref idref="oc-12b"/>
      </symbol>
      <symbol id="sm-51d">
         <name>LL$$XOR</name>
         <value>0x33909b</value>
         <object_component_ref idref="oc-12b"/>
      </symbol>
      <symbol id="sm-52c">
         <name>_copy_in</name>
         <value>0x33902a</value>
         <object_component_ref idref="oc-156"/>
      </symbol>
      <symbol id="sm-53e">
         <name>_memcpy</name>
         <value>0x33906e</value>
         <object_component_ref idref="oc-160"/>
      </symbol>
      <symbol id="sm-54b">
         <name>__system_pre_init</name>
         <value>0x3390f1</value>
         <object_component_ref idref="oc-155"/>
      </symbol>
      <symbol id="sm-559">
         <name>__system_post_cinit</name>
         <value>0x3390f3</value>
         <object_component_ref idref="oc-157"/>
      </symbol>
      <symbol id="sm-56e">
         <name>C$$EXIT</name>
         <value>0x338fd9</value>
         <object_component_ref idref="oc-159"/>
      </symbol>
      <symbol id="sm-56f">
         <name>_exit</name>
         <value>0x338fdb</value>
         <object_component_ref idref="oc-159"/>
      </symbol>
      <symbol id="sm-571">
         <name>___TI_cleanup_ptr</name>
         <value>0x8cfc</value>
         <object_component_ref idref="oc-146"/>
      </symbol>
      <symbol id="sm-572">
         <name>___TI_enable_exit_profile_output</name>
         <value>0x8cfa</value>
         <object_component_ref idref="oc-146"/>
      </symbol>
      <symbol id="sm-573">
         <name>_abort</name>
         <value>0x338fd9</value>
         <object_component_ref idref="oc-159"/>
      </symbol>
      <symbol id="sm-575">
         <name>___TI_dtors_ptr</name>
         <value>0x8cfe</value>
         <object_component_ref idref="oc-146"/>
      </symbol>
      <symbol id="sm-589">
         <name>__unlock</name>
         <value>0x8d72</value>
         <object_component_ref idref="oc-181"/>
      </symbol>
      <symbol id="sm-58a">
         <name>__lock</name>
         <value>0x8bfe</value>
         <object_component_ref idref="oc-162"/>
      </symbol>
      <symbol id="sm-58b">
         <name>__register_lock</name>
         <value>0x3390e4</value>
         <object_component_ref idref="oc-17c"/>
      </symbol>
      <symbol id="sm-58d">
         <name>__nop</name>
         <value>0x3390e8</value>
         <object_component_ref idref="oc-17c"/>
      </symbol>
      <symbol id="sm-58f">
         <name>__register_unlock</name>
         <value>0x3390e0</value>
         <object_component_ref idref="oc-17c"/>
      </symbol>
      <symbol id="sm-59f">
         <name>__args_main</name>
         <value>0x3390ce</value>
         <object_component_ref idref="oc-158"/>
      </symbol>
   </symbol_table>
   <title>Link successful</title>
</link_info>
